mode: set
device-db/tests/postNewDevice/main.go:23.75,28.26 3 1
device-db/tests/postNewDevice/main.go:32.2,32.35 1 1
device-db/tests/postNewDevice/main.go:36.2,36.28 1 1
device-db/tests/postNewDevice/main.go:40.2,40.28 1 1
device-db/tests/postNewDevice/main.go:44.2,44.30 1 1
device-db/tests/postNewDevice/main.go:49.2,50.21 2 1
device-db/tests/postNewDevice/main.go:55.2,62.23 2 1
device-db/tests/postNewDevice/main.go:28.26,31.3 2 1
device-db/tests/postNewDevice/main.go:32.35,35.3 2 1
device-db/tests/postNewDevice/main.go:36.28,39.3 2 1
device-db/tests/postNewDevice/main.go:40.28,43.3 2 1
device-db/tests/postNewDevice/main.go:44.30,47.3 2 1
device-db/tests/postNewDevice/main.go:50.21,52.3 1 1
device-db/tests/postNewDevice/main.go:69.93,75.16 3 1
device-db/tests/postNewDevice/main.go:83.2,85.16 2 1
device-db/tests/postNewDevice/main.go:93.2,98.16 3 1
device-db/tests/postNewDevice/main.go:106.2,113.16 4 1
device-db/tests/postNewDevice/main.go:121.2,130.16 4 1
device-db/tests/postNewDevice/main.go:138.2,140.16 2 1
device-db/tests/postNewDevice/main.go:148.2,151.8 1 1
device-db/tests/postNewDevice/main.go:75.16,80.3 1 1
device-db/tests/postNewDevice/main.go:85.16,90.3 1 1
device-db/tests/postNewDevice/main.go:98.16,103.3 1 0
device-db/tests/postNewDevice/main.go:113.16,118.3 1 0
device-db/tests/postNewDevice/main.go:130.16,135.3 1 0
device-db/tests/postNewDevice/main.go:140.16,145.3 1 0
device-db/tests/postNewDevice/main.go:155.13,157.2 1 0
